 Image ghcr.io/qincai-rui/maths:latest Building 
#1 [internal] load local bake definitions
#1 reading from stdin 546B done
#1 DONE 0.0s

#2 [internal] load build definition from Dockerfile
#2 transferring dockerfile: 1.25kB 0.0s done
#2 DONE 0.1s

#3 resolve image config for docker-image://docker.io/docker/dockerfile:1.7
#3 DONE 1.4s

#4 docker-image://docker.io/docker/dockerfile:1.7@sha256:a57df69d0ea827fb7266491f2813635de6f17269be881f696fbfdf2d83dda33e
#4 resolve docker.io/docker/dockerfile:1.7@sha256:a57df69d0ea827fb7266491f2813635de6f17269be881f696fbfdf2d83dda33e 0.1s done
#4 CACHED

#5 [internal] load metadata for docker.io/oven/bun:1
#5 DONE 1.3s

#6 [internal] load metadata for docker.io/oven/bun:1-debian
#6 DONE 1.3s

#7 [internal] load .dockerignore
#7 transferring context: 283B done
#7 DONE 0.0s

#8 [internal] load build context
#8 transferring context: 15.16kB 0.2s done
#8 DONE 0.2s

#9 [build 1/8] FROM docker.io/oven/bun:1@sha256:e10577f0db68676a7024391c6e5cb4b879ebd17188ab750cf10024a6d700e5c4
#9 resolve docker.io/oven/bun:1@sha256:e10577f0db68676a7024391c6e5cb4b879ebd17188ab750cf10024a6d700e5c4 0.2s done
#9 DONE 0.2s

#10 [runtime 1/9] FROM docker.io/oven/bun:1-debian@sha256:9dba1a1b43ce28c9d7931bfc4eb00feb63b0114720a0277a8f939ae4dfc9db6f
#10 resolve docker.io/oven/bun:1-debian@sha256:9dba1a1b43ce28c9d7931bfc4eb00feb63b0114720a0277a8f939ae4dfc9db6f 0.2s done
#10 DONE 0.2s

#11 [build 2/8] WORKDIR /app
#11 CACHED

#12 [build 3/8] COPY package.json bun.lock .npmrc ./
#12 CACHED

#13 [build 4/8] RUN --mount=type=cache,target=/root/.bun/install/cache bun install --frozen-lockfile
#13 CACHED

#14 [build 5/8] COPY svelte.config.js vite.config.ts tsconfig.json components.json ./
#14 DONE 0.4s

#15 [build 6/8] COPY src/ src/
#15 DONE 0.4s

#16 [build 7/8] COPY static/ static/
#16 DONE 0.3s

#17 [build 8/8] RUN --mount=type=cache,target=/root/.bun/install/cache     --mount=type=cache,target=/app/node_modules/.vite     NODE_ENV=production bun run build
#17 0.975 $ vite build
#17 2.922 ▲ [WARNING] Cannot find base config file "./.svelte-kit/tsconfig.json" [tsconfig.json]
#17 2.922 
#17 2.922     tsconfig.json:2:13:
#17 2.922       2 │   "extends": "./.svelte-kit/tsconfig.json",
#17 2.922         ╵              ~~~~~~~~~~~~~~~~~~~~~~~~~~~~~
#17 2.922 
#17 16.68 vite v7.3.6 building ssr environment for production...
#17 17.06 transforming...
#17 18.88 [33m5:42:42 AM [vite-plugin-svelte] src/routes/(main)/games/number-rush/+page.svelte:57:6 `answerInput` is updated, but is not declared with `$state(...)`. Changing its value will not correctly trigger updates
#17 18.88 https://svelte.dev/e/non_reactive_update[39m
#17 18.88 55:   let result = $state<"correct" | "wrong" | null>(null);
#17 18.88 56:   let interval: ReturnType<typeof setInterval> | undefined;
#17 18.88 57:   let answerInput: HTMLInputElement | undefined;
#17 18.88                                                    ^
#17 18.88 58: 
#17 18.88 59:   const stop = () => {
#17 71.71 ✓ 4434 modules transformed.
#17 72.72 rendering chunks...
#17 79.79 vite v7.3.6 building client environment for production...
#17 79.82 transforming...
#17 80.55 [33m5:43:43 AM [vite-plugin-svelte] src/routes/(main)/games/number-rush/+page.svelte:57:6 `answerInput` is updated, but is not declared with `$state(...)`. Changing its value will not correctly trigger updates
#17 80.55 https://svelte.dev/e/non_reactive_update[39m
#17 80.55 55:   let result = $state<"correct" | "wrong" | null>(null);
#17 80.55 56:   let interval: ReturnType<typeof setInterval> | undefined;
#17 80.55 57:   let answerInput: HTMLInputElement | undefined;
#17 80.55                                                    ^
#17 80.55 58: 
#17 80.55 59:   const stop = () => {
#17 154.1 ✓ 6341 modules transformed.
#17 156.8 rendering chunks...
#17 158.0 computing gzip size...
#17 158.5 .svelte-kit/output/client/_app/version.json                                  0.03 kB │ gzip:   0.05 kB
#17 158.5 .svelte-kit/output/client/.vite/manifest.json                               25.52 kB │ gzip:   2.94 kB
#17 158.5 .svelte-kit/output/client/_app/immutable/assets/8.RY-SaB7H.css               0.20 kB │ gzip:   0.15 kB
#17 158.5 .svelte-kit/output/client/_app/immutable/assets/index.CV-KWLNP.css           0.29 kB │ gzip:   0.15 kB
#17 158.5 .svelte-kit/output/client/_app/immutable/assets/19.WUgqQ6lC.css              0.40 kB │ gzip:   0.22 kB
#17 158.5 .svelte-kit/output/client/_app/immutable/assets/Confetti.mSjVNBYt.css        2.21 kB │ gzip:   0.60 kB
#17 158.5 .svelte-kit/output/client/_app/immutable/assets/4.Bf4bJ6eu.css              24.23 kB │ gzip:   3.61 kB
#17 158.5 .svelte-kit/output/client/_app/immutable/assets/theme-toggle.dOjUE8K_.css   85.86 kB │ gzip:  15.06 kB
#17 158.5 .svelte-kit/output/client/_app/immutable/chunks/BWBMUMxM.js                  0.04 kB │ gzip:   0.06 kB
#17 158.5 .svelte-kit/output/client/_app/immutable/entry/start.C_YyYz9Q.js             0.08 kB │ gzip:   0.09 kB
#17 158.5 .svelte-kit/output/client/_app/immutable/chunks/CCcl1NSI.js                  0.19 kB │ gzip:   0.17 kB
#17 158.5 .svelte-kit/output/client/_app/immutable/chunks/BrPUvqgl.js                  0.21 kB │ gzip:   0.15 kB
#17 158.5 .svelte-kit/output/client/_app/immutable/nodes/0.DPYBoXDL.js                 0.22 kB │ gzip:   0.17 kB
#17 158.5 .svelte-kit/output/client/_app/immutable/chunks/K3hkV_qs.js                  0.30 kB │ gzip:   0.22 kB
#17 158.5 .svelte-kit/output/client/_app/immutable/chunks/ZioRmc1p.js                  0.37 kB │ gzip:   0.27 kB
#17 158.5 .svelte-kit/output/client/_app/immutable/nodes/1.D3Z1g2Es.js                 0.41 kB │ gzip:   0.27 kB
#17 158.5 .svelte-kit/output/client/_app/immutable/chunks/DDv18AQW.js                  0.48 kB │ gzip:   0.32 kB
#17 158.5 .svelte-kit/output/client/_app/immutable/chunks/B6aRZRsW.js                  0.49 kB │ gzip:   0.35 kB
#17 158.5 .svelte-kit/output/client/_app/immutable/chunks/NiTXlPz_.js                  0.52 kB │ gzip:   0.34 kB
#17 158.5 .svelte-kit/output/client/_app/immutable/chunks/QJ4q5N9j.js                  0.52 kB │ gzip:   0.36 kB
#17 158.5 .svelte-kit/output/client/_app/immutable/chunks/CG5HoGpG.js                  0.52 kB │ gzip:   0.37 kB
#17 158.5 .svelte-kit/output/client/_app/immutable/chunks/DDjaNLgS.js                  0.54 kB │ gzip:   0.35 kB
#17 158.5 .svelte-kit/output/client/_app/immutable/chunks/CH93NP3Z.js                  0.57 kB │ gzip:   0.39 kB
#17 158.5 .svelte-kit/output/client/_app/immutable/chunks/GswgPcX4.js                  0.58 kB │ gzip:   0.38 kB
#17 158.5 .svelte-kit/output/client/_app/immutable/chunks/D44RYDRj.js                  0.59 kB │ gzip:   0.40 kB
#17 158.5 .svelte-kit/output/client/_app/immutable/chunks/Cu_jh0p6.js                  0.60 kB │ gzip:   0.42 kB
#17 158.5 .svelte-kit/output/client/_app/immutable/chunks/DHIYkHlo.js                  0.63 kB │ gzip:   0.38 kB
#17 158.5 .svelte-kit/output/client/_app/immutable/chunks/CLNSIhUx.js                  0.63 kB │ gzip:   0.42 kB
#17 158.5 .svelte-kit/output/client/_app/immutable/chunks/OA8UcISh.js                  0.64 kB │ gzip:   0.39 kB
#17 158.5 .svelte-kit/output/client/_app/immutable/chunks/D0GLfqE7.js                  0.65 kB │ gzip:   0.42 kB
#17 158.5 .svelte-kit/output/client/_app/immutable/chunks/nha54nim.js                  0.67 kB │ gzip:   0.45 kB
#17 158.5 .svelte-kit/output/client/_app/immutable/chunks/Ef9o8ta7.js                  0.74 kB │ gzip:   0.47 kB
#17 158.5 .svelte-kit/output/client/_app/immutable/nodes/4.BqJObzhp.js                 0.75 kB │ gzip:   0.50 kB
#17 158.5 .svelte-kit/output/client/_app/immutable/chunks/BLMkMzky.js                  0.78 kB │ gzip:   0.43 kB
#17 158.5 .svelte-kit/output/client/_app/immutable/chunks/BVapNeDN.js                  0.81 kB │ gzip:   0.49 kB
#17 158.5 .svelte-kit/output/client/_app/immutable/chunks/DbkK7OXJ.js                  0.88 kB │ gzip:   0.51 kB
#17 158.5 .svelte-kit/output/client/_app/immutable/chunks/CjUkkGqy.js                  0.91 kB │ gzip:   0.49 kB
#17 158.5 .svelte-kit/output/client/_app/immutable/chunks/ogtVUuwd.js                  0.94 kB │ gzip:   0.57 kB
#17 158.5 .svelte-kit/output/client/_app/immutable/chunks/pq6EVvAx.js                  1.00 kB │ gzip:   0.53 kB
#17 158.5 .svelte-kit/output/client/_app/immutable/nodes/13.Ct5BTppU.js                1.12 kB │ gzip:   0.63 kB
#17 158.5 .svelte-kit/output/client/_app/immutable/chunks/BcR2V31s.js                  1.16 kB │ gzip:   0.75 kB
#17 158.5 .svelte-kit/output/client/_app/immutable/chunks/C0vnYQH8.js                  1.23 kB │ gzip:   0.71 kB
#17 158.5 .svelte-kit/output/client/_app/immutable/chunks/wbPk3Yxo.js                  1.37 kB │ gzip:   0.66 kB
#17 158.5 .svelte-kit/output/client/_app/immutable/chunks/CeJtG_QI.js                  1.50 kB │ gzip:   0.67 kB
#17 158.5 .svelte-kit/output/client/_app/immutable/nodes/11.DQphv1I3.js                1.63 kB │ gzip:   0.87 kB
#17 158.5 .svelte-kit/output/client/_app/immutable/chunks/Deha_z_q.js                  1.66 kB │ gzip:   0.87 kB
#17 158.5 .svelte-kit/output/client/_app/immutable/chunks/BCJP_0oO.js                  1.75 kB │ gzip:   0.77 kB
#17 158.5 .svelte-kit/output/client/_app/immutable/chunks/CJ955Sqa.js                  1.87 kB │ gzip:   1.07 kB
#17 158.5 .svelte-kit/output/client/_app/immutable/chunks/CNilu_Kq.js                  1.88 kB │ gzip:   0.98 kB
#17 158.5 .svelte-kit/output/client/_app/immutable/chunks/BdsQsm5v.js                  1.93 kB │ gzip:   0.76 kB
#17 158.5 .svelte-kit/output/client/_app/immutable/nodes/3.cJePmIl6.js                 2.02 kB │ gzip:   0.99 kB
#17 158.5 .svelte-kit/output/client/_app/immutable/chunks/C45I3CLk.js                  2.19 kB │ gzip:   1.11 kB
#17 158.5 .svelte-kit/output/client/_app/immutable/chunks/C8m9EeEy.js                  2.23 kB │ gzip:   1.04 kB
#17 158.5 .svelte-kit/output/client/_app/immutable/chunks/BYoDJSjW.js                  2.46 kB │ gzip:   1.25 kB
#17 158.5 .svelte-kit/output/client/_app/immutable/chunks/BKoKyCJC.js                  2.56 kB │ gzip:   1.19 kB
#17 158.5 .svelte-kit/output/client/_app/immutable/chunks/CJeD4Ej4.js                  2.83 kB │ gzip:   1.40 kB
#17 158.5 .svelte-kit/output/client/_app/immutable/chunks/Dmc0sbvE.js                  3.14 kB │ gzip:   1.22 kB
#17 158.5 .svelte-kit/output/client/_app/immutable/nodes/6.Cw-WXG_c.js                 3.18 kB │ gzip:   1.46 kB
#17 158.5 .svelte-kit/output/client/_app/immutable/nodes/12.CfiH7X79.js                3.41 kB │ gzip:   1.62 kB
#17 158.5 .svelte-kit/output/client/_app/immutable/nodes/10.BfnjHZcg.js                4.01 kB │ gzip:   1.96 kB
#17 158.5 .svelte-kit/output/client/_app/immutable/chunks/DmWoCS_Y.js                  4.26 kB │ gzip:   2.01 kB
#17 158.5 .svelte-kit/output/client/_app/immutable/nodes/5.Dx5HEqc7.js                 5.30 kB │ gzip:   1.93 kB
#17 158.5 .svelte-kit/output/client/_app/immutable/chunks/BnlUlfxB.js                  5.38 kB │ gzip:   2.42 kB
#17 158.5 .svelte-kit/output/client/_app/immutable/nodes/14.b-wesoD6.js                5.66 kB │ gzip:   2.15 kB
#17 158.5 .svelte-kit/output/client/_app/immutable/nodes/7.BxWheBpW.js                 5.98 kB │ gzip:   2.59 kB
#17 158.5 .svelte-kit/output/client/_app/immutable/chunks/CPAQ4xSS.js                  6.11 kB │ gzip:   2.36 kB
#17 158.5 .svelte-kit/output/client/_app/immutable/nodes/9.B5wC--80.js                 6.36 kB │ gzip:   2.84 kB
#17 158.5 .svelte-kit/output/client/_app/immutable/nodes/2.DZWqKRd3.js                 6.41 kB │ gzip:   2.52 kB
#17 158.5 .svelte-kit/output/client/_app/immutable/chunks/CAeVxNCW.js                  6.64 kB │ gzip:   3.11 kB
#17 158.5 .svelte-kit/output/client/_app/immutable/chunks/1_CjmnNr.js                  9.51 kB │ gzip:   3.64 kB
#17 158.5 .svelte-kit/output/client/_app/immutable/entry/app.DsWzwPZR.js               9.59 kB │ gzip:   3.45 kB
#17 158.5 .svelte-kit/output/client/_app/immutable/nodes/18.BJ2qTJGh.js               10.14 kB │ gzip:   3.99 kB
#17 158.5 .svelte-kit/output/client/_app/immutable/nodes/8.CnYxKSdu.js                10.89 kB │ gzip:   4.11 kB
#17 158.5 .svelte-kit/output/client/_app/immutable/nodes/16.DkXNTPMk.js               14.76 kB │ gzip:   5.27 kB
#17 158.5 .svelte-kit/output/client/_app/immutable/nodes/17.aWahg_Ys.js               15.65 kB │ gzip:   5.62 kB
#17 158.5 .svelte-kit/output/client/_app/immutable/nodes/15.DnZi6zbC.js               17.55 kB │ gzip:   6.59 kB
#17 158.5 .svelte-kit/output/client/_app/immutable/chunks/DzY6Bsv4.js                 27.02 kB │ gzip:  10.56 kB
#17 158.5 .svelte-kit/output/client/_app/immutable/chunks/Ba57KLH2.js                 28.84 kB │ gzip:  11.33 kB
#17 158.5 .svelte-kit/output/client/_app/immutable/chunks/DVNf4fWG.js                 34.30 kB │ gzip:  12.39 kB
#17 158.5 .svelte-kit/output/client/_app/immutable/nodes/19.CdmW7vjC.js               35.62 kB │ gzip:  10.90 kB
#17 158.5 .svelte-kit/output/client/_app/immutable/chunks/94T5PwBt.js                 41.22 kB │ gzip:  13.01 kB
#17 158.5 .svelte-kit/output/client/_app/immutable/chunks/B0SdbL6n.js                 57.68 kB │ gzip:  15.28 kB
#17 158.5 .svelte-kit/output/client/_app/immutable/chunks/BAjkmTah.js                 68.56 kB │ gzip:  18.57 kB
#17 158.5 .svelte-kit/output/client/_app/immutable/chunks/BO0VElGv.js                100.03 kB │ gzip:  29.22 kB
#17 158.5 .svelte-kit/output/client/_app/immutable/chunks/BMOMBzIg.js                202.58 kB │ gzip:  60.87 kB
#17 158.5 .svelte-kit/output/client/_app/immutable/chunks/DwoVnpoO.js                260.37 kB │ gzip:  77.98 kB
#17 158.5 .svelte-kit/output/client/_app/immutable/chunks/O9--8fLM.js                679.40 kB │ gzip: 201.60 kB
#17 158.5 
#17 158.5 (!) Some chunks are larger than 500 kB after minification. Consider:
#17 158.5 - Using dynamic import() to code-split the application
#17 158.5 - Use build.rollupOptions.output.manualChunks to improve chunking: https://rollupjs.org/configuration-options/#output-manualchunks
#17 158.5 - Adjust chunk size limit for this warning via build.chunkSizeWarningLimit.
#17 158.5 ✓ built in 1m 19s
#17 168.2 .svelte-kit/output/server/.vite/manifest.json                                               17.69 kB
#17 168.2 .svelte-kit/output/server/_app/immutable/assets/_page.RY-SaB7H.css                           0.20 kB
#17 168.2 .svelte-kit/output/server/_app/immutable/assets/index.CV-KWLNP.css                           0.29 kB
#17 168.2 .svelte-kit/output/server/_app/immutable/assets/_page.WUgqQ6lC.css                           0.40 kB
#17 168.2 .svelte-kit/output/server/_app/immutable/assets/Confetti.mSjVNBYt.css                        2.21 kB
#17 168.2 .svelte-kit/output/server/_app/immutable/assets/_layout.Bf4bJ6eu.css                        24.23 kB
#17 168.2 .svelte-kit/output/server/_app/immutable/assets/theme-toggle.bwdwwpNl.css                   85.83 kB
#17 168.2 .svelte-kit/output/server/entries/pages/(mathex)/mathex/app/_layout.ts.js                    0.04 kB
#17 168.2 .svelte-kit/output/server/chunks/html.js                                                     0.14 kB
#17 168.2 .svelte-kit/output/server/entries/fallbacks/layout.svelte.js                                 0.17 kB
#17 168.2 .svelte-kit/output/server/env.js                                                             0.23 kB
#17 168.2 .svelte-kit/output/server/chunks/index-server.js                                             0.34 kB
#17 168.2 .svelte-kit/output/server/entries/fallbacks/error.svelte.js                                  0.35 kB
#17 168.2 .svelte-kit/output/server/internal.js                                                        0.35 kB
#17 168.2 .svelte-kit/output/server/chunks/index-server2.js                                            0.42 kB
#17 168.2 .svelte-kit/output/server/chunks/Identicon.js                                                0.45 kB
#17 168.2 .svelte-kit/output/server/chunks/state.svelte.js                                             0.45 kB
#17 168.2 .svelte-kit/output/server/entries/pages/(main)/utilities/number/_slug_/_page.ts.js           0.46 kB
#17 168.2 .svelte-kit/output/server/chunks/index3.js                                                   0.51 kB
#17 168.2 .svelte-kit/output/server/chunks/header.js                                                   0.53 kB
#17 168.2 .svelte-kit/output/server/chunks/internal.js                                                 0.62 kB
#17 168.2 .svelte-kit/output/server/chunks/content.js                                                  0.63 kB
#17 168.2 .svelte-kit/output/server/chunks/client.js                                                   0.66 kB
#17 168.2 .svelte-kit/output/server/entries/pages/(mathex)/mathex/app/_layout.svelte.js                0.85 kB
#17 168.2 .svelte-kit/output/server/chunks/schemas.js                                                  0.90 kB
#17 168.2 .svelte-kit/output/server/chunks/utils.js                                                    1.09 kB
#17 168.2 .svelte-kit/output/server/chunks/watch.svelte.js                                             1.17 kB
#17 168.2 .svelte-kit/output/server/entries/pages/(main)/mathex/_page.svelte.js                        1.23 kB
#17 168.2 .svelte-kit/output/server/chunks/check.js                                                    1.43 kB
#17 168.2 .svelte-kit/output/server/chunks/index.js                                                    1.44 kB
#17 168.2 .svelte-kit/output/server/chunks/Icon.js                                                     1.53 kB
#17 168.2 .svelte-kit/output/server/chunks/arrow-right.js                                              1.54 kB
#17 168.2 .svelte-kit/output/server/chunks/arrow-left.js                                               1.54 kB
#17 168.2 .svelte-kit/output/server/chunks/circle-dot.js                                               1.59 kB
#17 168.2 .svelte-kit/output/server/chunks/upload.js                                                   1.66 kB
#17 168.2 .svelte-kit/output/server/chunks/sigma.js                                                    1.70 kB
#17 168.2 .svelte-kit/output/server/chunks/timer.js                                                    1.71 kB
#17 168.2 .svelte-kit/output/server/chunks/users-round.js                                              1.73 kB
#17 168.2 .svelte-kit/output/server/chunks/zap.js                                                      1.81 kB
#17 168.2 .svelte-kit/output/server/chunks/hash.js                                                     1.84 kB
#17 168.2 .svelte-kit/output/server/chunks/refresh-cw.js                                               1.91 kB
#17 168.2 .svelte-kit/output/server/chunks/shield-check.js                                             1.95 kB
#17 168.2 .svelte-kit/output/server/chunks/input.js                                                    2.18 kB
#17 168.2 .svelte-kit/output/server/chunks/calculator.js                                               2.32 kB
#17 168.2 .svelte-kit/output/server/entries/pages/(main)/_error.svelte.js                              2.32 kB
#17 168.2 .svelte-kit/output/server/entries/pages/(main)/utilities/number/_page.svelte.js              2.44 kB
#17 168.2 .svelte-kit/output/server/chunks/Confetti.js                                                 2.51 kB
#17 168.2 .svelte-kit/output/server/chunks/gamepad-2.js                                                2.68 kB
#17 168.2 .svelte-kit/output/server/chunks/brain.js                                                    2.84 kB
#17 168.2 .svelte-kit/output/server/chunks/label.js                                                    3.21 kB
#17 168.2 .svelte-kit/output/server/chunks/button.js                                                   3.31 kB
#17 168.2 .svelte-kit/output/server/entries/pages/(main)/games/_page.svelte.js                         3.56 kB
#17 168.2 .svelte-kit/output/server/chunks/internal2.js                                                3.60 kB
#17 168.2 .svelte-kit/output/server/chunks/noop.js                                                     3.71 kB
#17 168.2 .svelte-kit/output/server/chunks/progress.js                                                 4.13 kB
#17 168.2 .svelte-kit/output/server/entries/pages/(main)/games/factor-finder/_page.svelte.js           4.85 kB
#17 168.2 .svelte-kit/output/server/entries/pages/(main)/utilities/number/_slug_/_page.svelte.js       5.49 kB
#17 168.2 .svelte-kit/output/server/entries/pages/(main)/_page.svelte.js                               5.56 kB
#17 168.2 .svelte-kit/output/server/chunks/exports.js                                                  5.59 kB
#17 168.2 .svelte-kit/output/server/chunks/toast-state.svelte.js                                       5.67 kB
#17 168.2 .svelte-kit/output/server/entries/pages/(main)/games/number-rush/_page.svelte.js             6.04 kB
#17 168.2 .svelte-kit/output/server/entries/pages/(main)/_layout.svelte.js                             8.24 kB
#17 168.2 .svelte-kit/output/server/entries/pages/(main)/games/sequence-sprint/_page.svelte.js         8.58 kB
#17 168.2 .svelte-kit/output/server/entries/pages/(mathex)/mathex/app/_page.svelte.js                  9.50 kB
#17 168.2 .svelte-kit/output/server/entries/pages/(mathex)/mathex/app/create/_page.svelte.js          11.92 kB
#17 168.2 .svelte-kit/output/server/chunks/create-id.js                                               12.30 kB
#17 168.2 .svelte-kit/output/server/entries/pages/(main)/games/digitle/_page.svelte.js                18.40 kB
#17 168.2 .svelte-kit/output/server/chunks/checkbox.js                                                19.13 kB
#17 168.2 .svelte-kit/output/server/chunks/root.js                                                    27.26 kB
#17 168.2 .svelte-kit/output/server/entries/pages/(mathex)/mathex/app/play/_id_/_page.svelte.js       27.35 kB
#17 168.2 .svelte-kit/output/server/entries/pages/(mathex)/mathex/app/play/_page.svelte.js            28.49 kB
#17 168.2 .svelte-kit/output/server/entries/pages/(mathex)/mathex/app/manage/_page.svelte.js          30.38 kB
#17 168.2 .svelte-kit/output/server/chunks/shared.js                                                  34.21 kB
#17 168.2 .svelte-kit/output/server/remote-entry.js                                                   36.82 kB
#17 168.2 .svelte-kit/output/server/chunks/index2.js                                                  41.97 kB
#17 168.2 .svelte-kit/output/server/chunks/theme-toggle.js                                            50.38 kB
#17 168.2 .svelte-kit/output/server/entries/pages/(mathex)/mathex/app/create/editor/_page.svelte.js   62.13 kB
#17 168.2 .svelte-kit/output/server/chunks/events.js                                                  64.12 kB
#17 168.2 .svelte-kit/output/server/index.js                                                         130.93 kB
#17 168.2 .svelte-kit/output/server/chunks/index4.js                                                 132.37 kB
#17 168.2 ✓ built in 2m 31s
#17 168.2 
#17 168.2 Run npm run preview to preview your production build locally.
#17 168.2 
#17 168.2 > Using @sveltejs/adapter-node
#17 178.6   ✔ done
#17 DONE 186.2s

#18 [runtime 2/9] WORKDIR /app
#18 CACHED

#19 [runtime 3/9] RUN apt-get update && apt-get install -y --no-install-recommends curl   && rm -rf /var/lib/apt/lists/*
#19 CACHED

#20 [runtime 4/9] COPY --from=build /app/package.json /app/bun.lock ./
#20 CACHED

#21 [runtime 5/9] RUN --mount=type=cache,target=/root/.bun/install/cache     bun install --frozen-lockfile --production
#21 CACHED

#22 [runtime 6/9] COPY --from=build /app/build ./build
#22 DONE 3.7s

#23 [runtime 7/9] COPY server.ts ./
#23 DONE 0.3s

#24 [runtime 8/9] COPY src/ws/index.server.ts ./src/ws/index.server.ts
#24 DONE 0.3s

#25 [runtime 9/9] COPY src/lib/mathex/schemas.ts ./src/lib/mathex/schemas.ts
#25 DONE 0.3s

#26 exporting to image
#26 exporting layers
#26 exporting layers 1.8s done
#26 exporting manifest sha256:4174d89be3ab2991b6edeb366740ee12dc1a77e89fe1dbc324ef562036321407 0.1s done
#26 exporting config sha256:f97d9dae9156a3608ebe577381f51405860a3a760f182f5c6eca693167c3beda 0.1s done
#26 exporting attestation manifest sha256:50f348b558635a17fd92ad3c2d82707d98de2c968160cd2b731e8f2d47d455a1 0.1s done
#26 exporting manifest list sha256:47b68ff7d7cb4ab75854472c2e95ab38a1d4b2db9918cdb8f3120e30203750b1 0.1s done
#26 naming to ghcr.io/qincai-rui/maths:latest done
#26 unpacking to ghcr.io/qincai-rui/maths:latest
#26 unpacking to ghcr.io/qincai-rui/maths:latest 0.6s done
#26 DONE 2.9s

#27 resolving provenance for metadata file
#27 DONE 0.2s
 Image ghcr.io/qincai-rui/maths:latest Built 
 Container devarsh-maths-staging-maths-1 Recreate 
 Container devarsh-maths-staging-maths-1 Recreated 
 Container devarsh-maths-staging-maths-1 Starting 
 Container devarsh-maths-staging-maths-1 Started 
